// Jest Snapshot v1, https://goo.gl/fbAQLP

exports[`Should render correctly.: It should render a button per tool, the selected server, internet time and a github link icon. 1`] = `
<div
  class="application_NavigationView"
  style="height: 30px;"
>
  <span
    class="application_NavigationButton"
  >
    <input
      id="application_NavigationButton_Viewer"
      name="application_NavigationButton"
      type="radio"
      value="Viewer"
    />
    <label
      for="application_NavigationButton_Viewer"
    >
      Viewer
    </label>
  </span>
  <span
    class="application_NavigationButton"
  >
    <input
      id="application_NavigationButton_QuestEditor"
      name="application_NavigationButton"
      type="radio"
      value="QuestEditor"
    />
    <label
      for="application_NavigationButton_QuestEditor"
    >
      Quest Editor
    </label>
  </span>
  <span
    class="application_NavigationButton"
  >
    <input
      id="application_NavigationButton_HuntOptimizer"
      name="application_NavigationButton"
      type="radio"
      value="HuntOptimizer"
    />
    <label
      for="application_NavigationButton_HuntOptimizer"
    >
      Hunt Optimizer
    </label>
  </span>
  <div
    class="application_NavigationView_spacer"
  />
  <span
    class="application_NavigationView_server"
  >
    <label
      class="core_Label disabled"
      for="core_LabelledControl_id_0"
      title="Only Ephinea is supported at the moment"
    >
      Server:
    </label>
    <div
      class="core_Select disabled"
      id="core_LabelledControl_id_0"
      title="Only Ephinea is supported at the moment"
    >
      <button
        class="core_Button disabled"
        disabled=""
      >
        <span
          class="core_Button_inner"
        >
          <span
            class="core_Button_center"
          >
            Ephinea
          </span>
          <span
            class="core_Button_right"
          >
            <span>
              <span
                class="fas fa-caret-down"
              />
            </span>
          </span>
        </span>
      </button>
      <div
        class="core_Menu"
        hidden=""
        tabindex="-1"
      >
        <div
          class="core_Menu_inner"
        >
          <div
            data-index="0"
          >
            Ephinea
          </div>
        </div>
      </div>
    </div>
  </span>
  <span
    class="application_NavigationView_time"
    title="Internet time in beats"
  >
    @62
  </span>
  <a
    class="application_NavigationView_github"
    href="https://github.com/DaanVandenBosch/phantasmal-world"
    rel="noopener noreferrer"
    target="_blank"
    title="Phantasmal World is open source, code available on GitHub"
  >
    <span>
      <span
        class="fab fa-github"
      />
    </span>
  </a>
</div>
`;
