// Jest Snapshot v1, https://goo.gl/fbAQLP

exports[`Renders correctly with a current quest.: Should render a table with NPC names and counts. 1`] = `
<div
  class="quest_editor_NpcCountsView"
>
  <table>
    <tr>
      <th>
        Female Fat:
      </th>
      <td>
        1
      </td>
    </tr>
    <tr>
      <th>
        Female Macho:
      </th>
      <td>
        2
      </td>
    </tr>
    <tr>
      <th>
        Female Tall:
      </th>
      <td>
        1
      </td>
    </tr>
    <tr>
      <th>
        Male Dwarf:
      </th>
      <td>
        1
      </td>
    </tr>
    <tr>
      <th>
        Male Fat:
      </th>
      <td>
        1
      </td>
    </tr>
    <tr>
      <th>
        Male Macho:
      </th>
      <td>
        1
      </td>
    </tr>
    <tr>
      <th>
        Male Old:
      </th>
      <td>
        1
      </td>
    </tr>
    <tr>
      <th>
        Blue Soldier:
      </th>
      <td>
        1
      </td>
    </tr>
    <tr>
      <th>
        Red Soldier:
      </th>
      <td>
        1
      </td>
    </tr>
    <tr>
      <th>
        Tekker:
      </th>
      <td>
        1
      </td>
    </tr>
    <tr>
      <th>
        Guild Lady:
      </th>
      <td>
        2
      </td>
    </tr>
    <tr>
      <th>
        Scientist:
      </th>
      <td>
        1
      </td>
    </tr>
    <tr>
      <th>
        Nurse:
      </th>
      <td>
        2
      </td>
    </tr>
  </table>
  <div
    class="quest_editor_UnavailableView"
    hidden=""
  >
    <label
      class="core_Label disabled"
    >
      No quest loaded.
    </label>
  </div>
</div>
`;

exports[`Renders correctly with a current quest.: should render a table with NPC names and counts 1`] = `
<div
  class="quest_editor_NpcCountsView"
>
  <table>
    <tr>
      <th>
        Female Fat:
      </th>
      <td>
        1
      </td>
    </tr>
    <tr>
      <th>
        Female Macho:
      </th>
      <td>
        2
      </td>
    </tr>
    <tr>
      <th>
        Female Tall:
      </th>
      <td>
        1
      </td>
    </tr>
    <tr>
      <th>
        Male Dwarf:
      </th>
      <td>
        1
      </td>
    </tr>
    <tr>
      <th>
        Male Fat:
      </th>
      <td>
        1
      </td>
    </tr>
    <tr>
      <th>
        Male Macho:
      </th>
      <td>
        1
      </td>
    </tr>
    <tr>
      <th>
        Male Old:
      </th>
      <td>
        1
      </td>
    </tr>
    <tr>
      <th>
        Blue Soldier:
      </th>
      <td>
        1
      </td>
    </tr>
    <tr>
      <th>
        Red Soldier:
      </th>
      <td>
        1
      </td>
    </tr>
    <tr>
      <th>
        Tekker:
      </th>
      <td>
        1
      </td>
    </tr>
    <tr>
      <th>
        Guild Lady:
      </th>
      <td>
        2
      </td>
    </tr>
    <tr>
      <th>
        Scientist:
      </th>
      <td>
        1
      </td>
    </tr>
    <tr>
      <th>
        Nurse:
      </th>
      <td>
        2
      </td>
    </tr>
  </table>
  <div
    class="quest_editor_UnavailableView"
    hidden=""
  >
    <label
      class="core_Label disabled"
    >
      No quest loaded.
    </label>
  </div>
</div>
`;

exports[`Renders correctly without a current quest.: Should render a "No quest loaded." view. 1`] = `
<div
  class="quest_editor_NpcCountsView"
>
  <table
    hidden=""
  />
  <div
    class="quest_editor_UnavailableView"
  >
    <label
      class="core_Label disabled"
    >
      No quest loaded.
    </label>
  </div>
</div>
`;

exports[`Renders correctly without a current quest.: should render a "No quest loaded." view 1`] = `
<div
  class="quest_editor_NpcCountsView"
>
  <table
    hidden=""
  />
  <div
    class="quest_editor_UnavailableView"
  >
    <label
      class="core_Label disabled"
    >
      No quest loaded.
    </label>
  </div>
</div>
`;
